
> frontend@0.1.0 dev
> next dev

▲ Next.js 16.1.7 (Turbopack)
- Local:         http://localhost:3000
- Network:       http://192.168.1.3:3000

✓ Starting...
✓ Ready in 356ms
○ Compiling /explore ...
 GET /explore 200 in 3.5s (compile: 3.4s, render: 71ms)
 GET / 200 in 231ms (compile: 206ms, render: 24ms)
✓ Compiled in 41ms
 GET /graph?model=llamavae_vgae&panel=0&depth=2 200 in 738ms (compile: 702ms, render: 36ms)
 GET / 200 in 45ms (compile: 12ms, render: 33ms)
 GET /explore 200 in 115ms (compile: 54ms, render: 61ms)
 GET /graph?model=llamasigclip_vgae&panel=0&depth=2 200 in 43ms (compile: 6ms, render: 38ms)
 GET /story 200 in 290ms (compile: 257ms, render: 33ms)
✓ Compiled in 84ms
 GET / 200 in 107ms (compile: 57ms, render: 50ms)
 GET /explore 200 in 110ms (compile: 51ms, render: 59ms)
 GET /graph?model=llamasigclip_vgae&panel=0&depth=2 200 in 107ms (compile: 54ms, render: 53ms)
 GET /embeddings 200 in 282ms (compile: 252ms, render: 30ms)
 GET /explore 200 in 24ms (compile: 4ms, render: 20ms)
 GET /story 200 in 100ms (compile: 52ms, render: 48ms)
✓ Compiled in 21ms
 GET /explore 200 in 107ms (compile: 58ms, render: 50ms)
✓ Compiled in 29ms
 GET / 200 in 47ms (compile: 12ms, render: 35ms)
 GET /explore 200 in 41ms (compile: 8ms, render: 33ms)
 GET /story 200 in 40ms (compile: 10ms, render: 30ms)
 GET /explore 200 in 37ms (compile: 5ms, render: 32ms)
✓ Compiled in 48ms
 GET / 200 in 105ms (compile: 56ms, render: 49ms)
 GET /explore 200 in 102ms (compile: 47ms, render: 55ms)
✓ Compiled in 19ms
