INFO:     Started server process [87430]
INFO:     Waiting for application startup.
INFO:     Application startup complete.
INFO:     Uvicorn running on http://127.0.0.1:8000 (Press CTRL+C to quit)
Loading GeMi demo data...
  ✓ llamasigclip_gcn: (189, 128)
  ✓ llamasigclip_gae: (189, 64)
  ✓ llamasigclip_vgae: (189, 128)
  ✓ llamavae_gcn: (189, 128)
  ✓ llamavae_gae: (189, 64)
  ✓ llamavae_vgae: (189, 128)
  ✓ llamasigclip_ind_gcn: (189, 128)
  ✓ llamasigclip_ind_gae: (189, 64)
  ✓ llamasigclip_ind_vgae: (189, 128)
  ✓ llamavae_ind_gcn: (189, 128)
  ✓ llamavae_ind_gae: (189, 64)
  ✓ llamavae_ind_vgae: (189, 128)
  ✓ graph edges: llamavae_ind_gcn
  ✓ graph edges: llamasigclip_ind_gcn
  ✓ graph edges: llamavae_vgae
  ✓ graph edges: llamasigclip_vgae
  ✓ graph edges: llamavae_gcn
  ✓ graph edges: llamavae_gae
  ✓ graph edges: llamavae_ind_gae
  ✓ graph edges: llamasigclip_ind_vgae
  ✓ graph edges: llamasigclip_ind_gae
  ✓ graph edges: llamavae_ind_vgae
  ✓ graph edges: llamasigclip_gcn
  ✓ graph edges: llamasigclip_gae
Ready: 189 panels, 12 models.

  preference database ready
INFO:     127.0.0.1:50388 - "GET / HTTP/1.1" 200 OK
INFO:     127.0.0.1:50389 - "GET /api/preferences/matrix?by=session HTTP/1.1" 200 OK
INFO:     Shutting down
INFO:     Waiting for application shutdown.
INFO:     Application shutdown complete.
INFO:     Finished server process [87430]
